#0 building with "desktop-linux" instance using docker driver

#1 [internal] load build definition from Dockerfile
#1 transferring dockerfile: 429B 0.0s done
#1 DONE 0.0s

#2 [internal] load metadata for docker.io/library/eclipse-temurin:21-jdk-alpine
#2 DONE 0.9s

#3 [internal] load .dockerignore
#3 transferring context: 2B done
#3 DONE 0.0s

#4 [internal] load build context
#4 DONE 0.0s

#5 [builder 1/8] FROM docker.io/library/eclipse-temurin:21-jdk-alpine@sha256:c98f0d2e171c898bf896dc4166815d28a56d428e218190a1f35cdc7d82efd61f
#5 resolve docker.io/library/eclipse-temurin:21-jdk-alpine@sha256:c98f0d2e171c898bf896dc4166815d28a56d428e218190a1f35cdc7d82efd61f 0.1s done
#5 DONE 0.1s

#6 [builder 2/8] WORKDIR /app
#6 CACHED

#4 [internal] load build context
#4 transferring context: 8.33kB 0.0s done
#4 DONE 0.0s

#7 [builder 6/8] RUN ./mvnw dependency:go-offline
#7 CACHED

#8 [builder 3/8] COPY .mvn/ .mvn
#8 CACHED

#9 [builder 4/8] COPY mvnw pom.xml ./
#9 CACHED

#10 [builder 5/8] RUN chmod +x mvnw
#10 CACHED

#11 [builder 7/8] COPY src ./src
#11 CACHED

#12 [builder 8/8] RUN ./mvnw clean package -DskipTests
#12 3.696 [INFO] Scanning for projects...
#12 4.304 [INFO] 
#12 4.304 [INFO] ----------------------< com.kishanrao:shortlink >-----------------------
#12 4.304 [INFO] Building ShortLink 1.0.0
#12 4.304 [INFO]   from pom.xml
#12 4.304 [INFO] --------------------------------[ jar ]---------------------------------
#12 6.250 [INFO] 
#12 6.250 [INFO] --- clean:3.5.0:clean (default-clean) @ shortlink ---
#12 6.402 [INFO] 
#12 6.402 [INFO] --- resources:3.3.1:resources (default-resources) @ shortlink ---
#12 6.624 [INFO] Copying 1 resource from src/main/resources to target/classes
#12 6.659 [INFO] Copying 5 resources from src/main/resources to target/classes
#12 6.672 [INFO] 
#12 6.672 [INFO] --- compiler:3.14.1:compile (default-compile) @ shortlink ---
#12 6.907 [INFO] Recompiling the module because of changed source code.
#12 6.927 [INFO] Compiling 57 source files with javac [debug parameters release 21] to target/classes
#12 13.64 [INFO] /app/src/main/java/com/kishanrao/shortener/infra/security/JwtAuthFilter.java: /app/src/main/java/com/kishanrao/shortener/infra/security/JwtAuthFilter.java uses or overrides a deprecated API.
#12 13.64 [INFO] /app/src/main/java/com/kishanrao/shortener/infra/security/JwtAuthFilter.java: Recompile with -Xlint:deprecation for details.
#12 13.64 [INFO] 
#12 13.64 [INFO] --- resources:3.3.1:testResources (default-testResources) @ shortlink ---
#12 13.65 [INFO] skip non existing resourceDirectory /app/src/test/resources
#12 13.65 [INFO] 
#12 13.65 [INFO] --- compiler:3.14.1:testCompile (default-testCompile) @ shortlink ---
#12 13.69 [INFO] Recompiling the module because of changed dependency.
#12 13.69 [INFO] Compiling 4 source files with javac [debug parameters release 21] to target/test-classes
#12 13.87 [INFO] -------------------------------------------------------------
#12 13.87 [ERROR] COMPILATION ERROR : 
#12 13.87 [INFO] -------------------------------------------------------------
#12 13.87 [ERROR] /app/src/test/java/williamnogueira/dev/shortener/integration/UrlShortenerFullFlowTest.java:[35,41] unnamed variables are a preview feature and are disabled by default.
#12 13.87   (use --enable-preview to enable unnamed variables)
#12 13.87 [INFO] 1 error
#12 13.87 [INFO] -------------------------------------------------------------
#12 13.87 [INFO] ------------------------------------------------------------------------
#12 13.87 [INFO] BUILD FAILURE
#12 13.87 [INFO] ------------------------------------------------------------------------
#12 13.88 [INFO] Total time:  10.240 s
#12 13.88 [INFO] Finished at: 2026-03-09T18:47:39Z
#12 13.88 [INFO] ------------------------------------------------------------------------
#12 13.89 [ERROR] Failed to execute goal org.apache.maven.plugins:maven-compiler-plugin:3.14.1:testCompile (default-testCompile) on project shortlink: Compilation failure
#12 13.89 [ERROR] /app/src/test/java/williamnogueira/dev/shortener/integration/UrlShortenerFullFlowTest.java:[35,41] unnamed variables are a preview feature and are disabled by default.
#12 13.89 [ERROR]   (use --enable-preview to enable unnamed variables)
#12 13.89 [ERROR] 
#12 13.89 [ERROR] -> [Help 1]
#12 13.89 [ERROR] 
#12 13.89 [ERROR] To see the full stack trace of the errors, re-run Maven with the -e switch.
#12 13.89 [ERROR] Re-run Maven using the -X switch to enable full debug logging.
#12 13.89 [ERROR] 
#12 13.89 [ERROR] For more information about the errors and possible solutions, please read the following articles:
#12 13.89 [ERROR] [Help 1] http://cwiki.apache.org/confluence/display/MAVEN/MojoFailureException
#12 ERROR: process "/bin/sh -c ./mvnw clean package -DskipTests" did not complete successfully: exit code: 1
------
 > [builder 8/8] RUN ./mvnw clean package -DskipTests:
13.89 [ERROR] /app/src/test/java/williamnogueira/dev/shortener/integration/UrlShortenerFullFlowTest.java:[35,41] unnamed variables are a preview feature and are disabled by default.
13.89 [ERROR]   (use --enable-preview to enable unnamed variables)
13.89 [ERROR] 
13.89 [ERROR] -> [Help 1]
13.89 [ERROR] 
13.89 [ERROR] To see the full stack trace of the errors, re-run Maven with the -e switch.
13.89 [ERROR] Re-run Maven using the -X switch to enable full debug logging.
13.89 [ERROR] 
13.89 [ERROR] For more information about the errors and possible solutions, please read the following articles:
13.89 [ERROR] [Help 1] http://cwiki.apache.org/confluence/display/MAVEN/MojoFailureException
------
Dockerfile:13
--------------------
  11 |     COPY src ./src
  12 |     
  13 | >>> RUN ./mvnw clean package -DskipTests
  14 |     
  15 |     FROM eclipse-temurin:21-jdk-alpine
--------------------
ERROR: failed to build: failed to solve: process "/bin/sh -c ./mvnw clean package -DskipTests" did not complete successfully: exit code: 1

View build details: docker-desktop://dashboard/build/desktop-linux/desktop-linux/xhj0oyuh2eu6adkhtgitih63m
